// Jest Snapshot v1, https://goo.gl/fbAQLP

exports[`Timespan 1`] = `
<div>
  <div
    class="text-left me-auto"
  >
    <span
      class="text-primary"
    >
      No Date set yet
    </span>
  </div>
</div>
`;

exports[`Timespan 2`] = `
<div>
  <div
    class="text-left me-auto"
  >
    <span
      class="text-primary"
    >
      11.2.2020 - ...
    </span>
    <br />
    <span
      class="text-primary fw-light"
    >
      07:21 - ...
    </span>
  </div>
</div>
`;

exports[`Timespan 3`] = `
<div>
  <div
    class="text-left me-auto"
  >
    <span
      class="text-primary"
    >
      ... - 30.6.2021
    </span>
    <br />
    <span
      class="text-primary fw-light"
    >
      ... - 03:00
    </span>
  </div>
</div>
`;

exports[`Timespan 4`] = `
<div>
  <div
    class="text-left me-auto"
  >
    <span
      class="text-primary"
    >
      11.2.2020 - 30.6.2021
    </span>
    <br />
    <span
      class="text-primary fw-light"
    >
      07:21 - 03:00
    </span>
  </div>
</div>
`;

exports[`Timespan 5`] = `
<div>
  <div
    class="text-left me-auto"
  >
    <span
      class="text-primary"
    >
      11.2.2020
    </span>
    <br />
    <span
      class="text-primary fw-light"
    >
      07:21 - 07:21
    </span>
  </div>
</div>
`;

exports[`Timespan 6`] = `
<div>
  <div
    class="mb-3"
  >
    <div
      class="mb-1"
    >
      <label
        class="form-label"
        for="test_timespan_editor_from"
      >
        From
      </label>
      <div
        class="rdt"
      >
        <input
          class="form-control"
          id="test_timespan_editor_from"
          type="text"
          value=""
        />
        <div
          class="rdtPicker"
        >
          <div
            class="rdtDays"
          >
            <table>
              <thead>
                <tr>
                  <th
                    class="rdtPrev"
                  >
                    <span>
                      ‹
                    </span>
                  </th>
                  <th
                    class="rdtSwitch"
                    colspan="5"
                    data-value="5"
                  >
                    Juni 2021
                  </th>
                  <th
                    class="rdtNext"
                  >
                    <span>
                      ›
                    </span>
                  </th>
                </tr>
                <tr>
                  <th
                    class="dow"
                  >
                    Mo
                  </th>
                  <th
                    class="dow"
                  >
                    Di
                  </th>
                  <th
                    class="dow"
                  >
                    Mi
                  </th>
                  <th
                    class="dow"
                  >
                    Do
                  </th>
                  <th
                    class="dow"
                  >
                    Fr
                  </th>
                  <th
                    class="dow"
                  >
                    Sa
                  </th>
                  <th
                    class="dow"
                  >
                    So
                  </th>
                </tr>
              </thead>
              <tbody>
                <tr>
                  <td
                    class="rdtDay rdtOld"
                    data-month="4"
                    data-value="31"
                    data-year="2021"
                  >
                    31
                  </td>
                  <td
                    class="rdtDay"
                    data-month="5"
                    data-value="1"
                    data-year="2021"
                  >
                    1
                  </td>
                  <td
                    class="rdtDay"
                    data-month="5"
                    data-value="2"
                    data-year="2021"
                  >
                    2
                  </td>
                  <td
                    class="rdtDay"
                    data-month="5"
                    data-value="3"
                    data-year="2021"
                  >
                    3
                  </td>
                  <td
                    class="rdtDay"
                    data-month="5"
                    data-value="4"
                    data-year="2021"
                  >
                    4
                  </td>
                  <td
                    class="rdtDay"
                    data-month="5"
                    data-value="5"
                    data-year="2021"
                  >
                    5
                  </td>
                  <td
                    class="rdtDay"
                    data-month="5"
                    data-value="6"
                    data-year="2021"
                  >
                    6
                  </td>
                </tr>
                <tr>
                  <td
                    class="rdtDay"
                    data-month="5"
                    data-value="7"
                    data-year="2021"
                  >
                    7
                  </td>
                  <td
                    class="rdtDay"
                    data-month="5"
                    data-value="8"
                    data-year="2021"
                  >
                    8
                  </td>
                  <td
                    class="rdtDay"
                    data-month="5"
                    data-value="9"
                    data-year="2021"
                  >
                    9
                  </td>
                  <td
                    class="rdtDay"
                    data-month="5"
                    data-value="10"
                    data-year="2021"
                  >
                    10
                  </td>
                  <td
                    class="rdtDay"
                    data-month="5"
                    data-value="11"
                    data-year="2021"
                  >
                    11
                  </td>
                  <td
                    class="rdtDay"
                    data-month="5"
                    data-value="12"
                    data-year="2021"
                  >
                    12
                  </td>
                  <td
                    class="rdtDay"
                    data-month="5"
                    data-value="13"
                    data-year="2021"
                  >
                    13
                  </td>
                </tr>
                <tr>
                  <td
                    class="rdtDay"
                    data-month="5"
                    data-value="14"
                    data-year="2021"
                  >
                    14
                  </td>
                  <td
                    class="rdtDay"
                    data-month="5"
                    data-value="15"
                    data-year="2021"
                  >
                    15
                  </td>
                  <td
                    class="rdtDay"
                    data-month="5"
                    data-value="16"
                    data-year="2021"
                  >
                    16
                  </td>
                  <td
                    class="rdtDay"
                    data-month="5"
                    data-value="17"
                    data-year="2021"
                  >
                    17
                  </td>
                  <td
                    class="rdtDay"
                    data-month="5"
                    data-value="18"
                    data-year="2021"
                  >
                    18
                  </td>
                  <td
                    class="rdtDay"
                    data-month="5"
                    data-value="19"
                    data-year="2021"
                  >
                    19
                  </td>
                  <td
                    class="rdtDay"
                    data-month="5"
                    data-value="20"
                    data-year="2021"
                  >
                    20
                  </td>
                </tr>
                <tr>
                  <td
                    class="rdtDay"
                    data-month="5"
                    data-value="21"
                    data-year="2021"
                  >
                    21
                  </td>
                  <td
                    class="rdtDay"
                    data-month="5"
                    data-value="22"
                    data-year="2021"
                  >
                    22
                  </td>
                  <td
                    class="rdtDay"
                    data-month="5"
                    data-value="23"
                    data-year="2021"
                  >
                    23
                  </td>
                  <td
                    class="rdtDay"
                    data-month="5"
                    data-value="24"
                    data-year="2021"
                  >
                    24
                  </td>
                  <td
                    class="rdtDay"
                    data-month="5"
                    data-value="25"
                    data-year="2021"
                  >
                    25
                  </td>
                  <td
                    class="rdtDay"
                    data-month="5"
                    data-value="26"
                    data-year="2021"
                  >
                    26
                  </td>
                  <td
                    class="rdtDay"
                    data-month="5"
                    data-value="27"
                    data-year="2021"
                  >
                    27
                  </td>
                </tr>
                <tr>
                  <td
                    class="rdtDay"
                    data-month="5"
                    data-value="28"
                    data-year="2021"
                  >
                    28
                  </td>
                  <td
                    class="rdtDay"
                    data-month="5"
                    data-value="29"
                    data-year="2021"
                  >
                    29
                  </td>
                  <td
                    class="rdtDay rdtToday"
                    data-month="5"
                    data-value="30"
                    data-year="2021"
                  >
                    30
                  </td>
                  <td
                    class="rdtDay rdtNew"
                    data-month="6"
                    data-value="1"
                    data-year="2021"
                  >
                    1
                  </td>
                  <td
                    class="rdtDay rdtNew"
                    data-month="6"
                    data-value="2"
                    data-year="2021"
                  >
                    2
                  </td>
                  <td
                    class="rdtDay rdtNew"
                    data-month="6"
                    data-value="3"
                    data-year="2021"
                  >
                    3
                  </td>
                  <td
                    class="rdtDay rdtNew"
                    data-month="6"
                    data-value="4"
                    data-year="2021"
                  >
                    4
                  </td>
                </tr>
                <tr>
                  <td
                    class="rdtDay rdtNew"
                    data-month="6"
                    data-value="5"
                    data-year="2021"
                  >
                    5
                  </td>
                  <td
                    class="rdtDay rdtNew"
                    data-month="6"
                    data-value="6"
                    data-year="2021"
                  >
                    6
                  </td>
                  <td
                    class="rdtDay rdtNew"
                    data-month="6"
                    data-value="7"
                    data-year="2021"
                  >
                    7
                  </td>
                  <td
                    class="rdtDay rdtNew"
                    data-month="6"
                    data-value="8"
                    data-year="2021"
                  >
                    8
                  </td>
                  <td
                    class="rdtDay rdtNew"
                    data-month="6"
                    data-value="9"
                    data-year="2021"
                  >
                    9
                  </td>
                  <td
                    class="rdtDay rdtNew"
                    data-month="6"
                    data-value="10"
                    data-year="2021"
                  >
                    10
                  </td>
                  <td
                    class="rdtDay rdtNew"
                    data-month="6"
                    data-value="11"
                    data-year="2021"
                  >
                    11
                  </td>
                </tr>
              </tbody>
              <tfoot>
                <tr>
                  <td
                    class="rdtTimeToggle"
                    colspan="7"
                  >
                    00:00
                  </td>
                </tr>
              </tfoot>
            </table>
          </div>
        </div>
      </div>
    </div>
    <div>
      <label
        class="form-check-label"
        for="test_timespan_editor_to"
      >
        To
      </label>
      <div
        class="rdt"
      >
        <input
          class="form-control"
          id="test_timespan_editor_to"
          type="text"
          value=""
        />
        <div
          class="rdtPicker"
        >
          <div
            class="rdtDays"
          >
            <table>
              <thead>
                <tr>
                  <th
                    class="rdtPrev"
                  >
                    <span>
                      ‹
                    </span>
                  </th>
                  <th
                    class="rdtSwitch"
                    colspan="5"
                    data-value="5"
                  >
                    Juni 2021
                  </th>
                  <th
                    class="rdtNext"
                  >
                    <span>
                      ›
                    </span>
                  </th>
                </tr>
                <tr>
                  <th
                    class="dow"
                  >
                    Mo
                  </th>
                  <th
                    class="dow"
                  >
                    Di
                  </th>
                  <th
                    class="dow"
                  >
                    Mi
                  </th>
                  <th
                    class="dow"
                  >
                    Do
                  </th>
                  <th
                    class="dow"
                  >
                    Fr
                  </th>
                  <th
                    class="dow"
                  >
                    Sa
                  </th>
                  <th
                    class="dow"
                  >
                    So
                  </th>
                </tr>
              </thead>
              <tbody>
                <tr>
                  <td
                    class="rdtDay rdtOld"
                    data-month="4"
                    data-value="31"
                    data-year="2021"
                  >
                    31
                  </td>
                  <td
                    class="rdtDay"
                    data-month="5"
                    data-value="1"
                    data-year="2021"
                  >
                    1
                  </td>
                  <td
                    class="rdtDay"
                    data-month="5"
                    data-value="2"
                    data-year="2021"
                  >
                    2
                  </td>
                  <td
                    class="rdtDay"
                    data-month="5"
                    data-value="3"
                    data-year="2021"
                  >
                    3
                  </td>
                  <td
                    class="rdtDay"
                    data-month="5"
                    data-value="4"
                    data-year="2021"
                  >
                    4
                  </td>
                  <td
                    class="rdtDay"
                    data-month="5"
                    data-value="5"
                    data-year="2021"
                  >
                    5
                  </td>
                  <td
                    class="rdtDay"
                    data-month="5"
                    data-value="6"
                    data-year="2021"
                  >
                    6
                  </td>
                </tr>
                <tr>
                  <td
                    class="rdtDay"
                    data-month="5"
                    data-value="7"
                    data-year="2021"
                  >
                    7
                  </td>
                  <td
                    class="rdtDay"
                    data-month="5"
                    data-value="8"
                    data-year="2021"
                  >
                    8
                  </td>
                  <td
                    class="rdtDay"
                    data-month="5"
                    data-value="9"
                    data-year="2021"
                  >
                    9
                  </td>
                  <td
                    class="rdtDay"
                    data-month="5"
                    data-value="10"
                    data-year="2021"
                  >
                    10
                  </td>
                  <td
                    class="rdtDay"
                    data-month="5"
                    data-value="11"
                    data-year="2021"
                  >
                    11
                  </td>
                  <td
                    class="rdtDay"
                    data-month="5"
                    data-value="12"
                    data-year="2021"
                  >
                    12
                  </td>
                  <td
                    class="rdtDay"
                    data-month="5"
                    data-value="13"
                    data-year="2021"
                  >
                    13
                  </td>
                </tr>
                <tr>
                  <td
                    class="rdtDay"
                    data-month="5"
                    data-value="14"
                    data-year="2021"
                  >
                    14
                  </td>
                  <td
                    class="rdtDay"
                    data-month="5"
                    data-value="15"
                    data-year="2021"
                  >
                    15
                  </td>
                  <td
                    class="rdtDay"
                    data-month="5"
                    data-value="16"
                    data-year="2021"
                  >
                    16
                  </td>
                  <td
                    class="rdtDay"
                    data-month="5"
                    data-value="17"
                    data-year="2021"
                  >
                    17
                  </td>
                  <td
                    class="rdtDay"
                    data-month="5"
                    data-value="18"
                    data-year="2021"
                  >
                    18
                  </td>
                  <td
                    class="rdtDay"
                    data-month="5"
                    data-value="19"
                    data-year="2021"
                  >
                    19
                  </td>
                  <td
                    class="rdtDay"
                    data-month="5"
                    data-value="20"
                    data-year="2021"
                  >
                    20
                  </td>
                </tr>
                <tr>
                  <td
                    class="rdtDay"
                    data-month="5"
                    data-value="21"
                    data-year="2021"
                  >
                    21
                  </td>
                  <td
                    class="rdtDay"
                    data-month="5"
                    data-value="22"
                    data-year="2021"
                  >
                    22
                  </td>
                  <td
                    class="rdtDay"
                    data-month="5"
                    data-value="23"
                    data-year="2021"
                  >
                    23
                  </td>
                  <td
                    class="rdtDay"
                    data-month="5"
                    data-value="24"
                    data-year="2021"
                  >
                    24
                  </td>
                  <td
                    class="rdtDay"
                    data-month="5"
                    data-value="25"
                    data-year="2021"
                  >
                    25
                  </td>
                  <td
                    class="rdtDay"
                    data-month="5"
                    data-value="26"
                    data-year="2021"
                  >
                    26
                  </td>
                  <td
                    class="rdtDay"
                    data-month="5"
                    data-value="27"
                    data-year="2021"
                  >
                    27
                  </td>
                </tr>
                <tr>
                  <td
                    class="rdtDay"
                    data-month="5"
                    data-value="28"
                    data-year="2021"
                  >
                    28
                  </td>
                  <td
                    class="rdtDay"
                    data-month="5"
                    data-value="29"
                    data-year="2021"
                  >
                    29
                  </td>
                  <td
                    class="rdtDay rdtToday"
                    data-month="5"
                    data-value="30"
                    data-year="2021"
                  >
                    30
                  </td>
                  <td
                    class="rdtDay rdtNew"
                    data-month="6"
                    data-value="1"
                    data-year="2021"
                  >
                    1
                  </td>
                  <td
                    class="rdtDay rdtNew"
                    data-month="6"
                    data-value="2"
                    data-year="2021"
                  >
                    2
                  </td>
                  <td
                    class="rdtDay rdtNew"
                    data-month="6"
                    data-value="3"
                    data-year="2021"
                  >
                    3
                  </td>
                  <td
                    class="rdtDay rdtNew"
                    data-month="6"
                    data-value="4"
                    data-year="2021"
                  >
                    4
                  </td>
                </tr>
                <tr>
                  <td
                    class="rdtDay rdtNew"
                    data-month="6"
                    data-value="5"
                    data-year="2021"
                  >
                    5
                  </td>
                  <td
                    class="rdtDay rdtNew"
                    data-month="6"
                    data-value="6"
                    data-year="2021"
                  >
                    6
                  </td>
                  <td
                    class="rdtDay rdtNew"
                    data-month="6"
                    data-value="7"
                    data-year="2021"
                  >
                    7
                  </td>
                  <td
                    class="rdtDay rdtNew"
                    data-month="6"
                    data-value="8"
                    data-year="2021"
                  >
                    8
                  </td>
                  <td
                    class="rdtDay rdtNew"
                    data-month="6"
                    data-value="9"
                    data-year="2021"
                  >
                    9
                  </td>
                  <td
                    class="rdtDay rdtNew"
                    data-month="6"
                    data-value="10"
                    data-year="2021"
                  >
                    10
                  </td>
                  <td
                    class="rdtDay rdtNew"
                    data-month="6"
                    data-value="11"
                    data-year="2021"
                  >
                    11
                  </td>
                </tr>
              </tbody>
              <tfoot>
                <tr>
                  <td
                    class="rdtTimeToggle"
                    colspan="7"
                  >
                    00:00
                  </td>
                </tr>
              </tfoot>
            </table>
          </div>
        </div>
      </div>
    </div>
  </div>
</div>
`;

exports[`Timespan Editor 1`] = `
<div>
  <div
    class="mb-3"
  >
    <div
      class="mb-1"
    >
      <label
        class="form-label"
        for="test_timespan_editor_from"
      >
        From
      </label>
      <div
        class="rdt"
      >
        <input
          class="form-control"
          id="test_timespan_editor_from"
          type="text"
          value="11.02.2020 07:21"
        />
        <div
          class="rdtPicker"
        >
          <div
            class="rdtDays"
          >
            <table>
              <thead>
                <tr>
                  <th
                    class="rdtPrev"
                  >
                    <span>
                      ‹
                    </span>
                  </th>
                  <th
                    class="rdtSwitch"
                    colspan="5"
                    data-value="1"
                  >
                    Februar 2020
                  </th>
                  <th
                    class="rdtNext"
                  >
                    <span>
                      ›
                    </span>
                  </th>
                </tr>
                <tr>
                  <th
                    class="dow"
                  >
                    Mo
                  </th>
                  <th
                    class="dow"
                  >
                    Di
                  </th>
                  <th
                    class="dow"
                  >
                    Mi
                  </th>
                  <th
                    class="dow"
                  >
                    Do
                  </th>
                  <th
                    class="dow"
                  >
                    Fr
                  </th>
                  <th
                    class="dow"
                  >
                    Sa
                  </th>
                  <th
                    class="dow"
                  >
                    So
                  </th>
                </tr>
              </thead>
              <tbody>
                <tr>
                  <td
                    class="rdtDay rdtOld"
                    data-month="0"
                    data-value="27"
                    data-year="2020"
                  >
                    27
                  </td>
                  <td
                    class="rdtDay rdtOld"
                    data-month="0"
                    data-value="28"
                    data-year="2020"
                  >
                    28
                  </td>
                  <td
                    class="rdtDay rdtOld"
                    data-month="0"
                    data-value="29"
                    data-year="2020"
                  >
                    29
                  </td>
                  <td
                    class="rdtDay rdtOld"
                    data-month="0"
                    data-value="30"
                    data-year="2020"
                  >
                    30
                  </td>
                  <td
                    class="rdtDay rdtOld"
                    data-month="0"
                    data-value="31"
                    data-year="2020"
                  >
                    31
                  </td>
                  <td
                    class="rdtDay"
                    data-month="1"
                    data-value="1"
                    data-year="2020"
                  >
                    1
                  </td>
                  <td
                    class="rdtDay"
                    data-month="1"
                    data-value="2"
                    data-year="2020"
                  >
                    2
                  </td>
                </tr>
                <tr>
                  <td
                    class="rdtDay"
                    data-month="1"
                    data-value="3"
                    data-year="2020"
                  >
                    3
                  </td>
                  <td
                    class="rdtDay"
                    data-month="1"
                    data-value="4"
                    data-year="2020"
                  >
                    4
                  </td>
                  <td
                    class="rdtDay"
                    data-month="1"
                    data-value="5"
                    data-year="2020"
                  >
                    5
                  </td>
                  <td
                    class="rdtDay"
                    data-month="1"
                    data-value="6"
                    data-year="2020"
                  >
                    6
                  </td>
                  <td
                    class="rdtDay"
                    data-month="1"
                    data-value="7"
                    data-year="2020"
                  >
                    7
                  </td>
                  <td
                    class="rdtDay"
                    data-month="1"
                    data-value="8"
                    data-year="2020"
                  >
                    8
                  </td>
                  <td
                    class="rdtDay"
                    data-month="1"
                    data-value="9"
                    data-year="2020"
                  >
                    9
                  </td>
                </tr>
                <tr>
                  <td
                    class="rdtDay"
                    data-month="1"
                    data-value="10"
                    data-year="2020"
                  >
                    10
                  </td>
                  <td
                    class="rdtDay rdtActive"
                    data-month="1"
                    data-value="11"
                    data-year="2020"
                  >
                    11
                  </td>
                  <td
                    class="rdtDay"
                    data-month="1"
                    data-value="12"
                    data-year="2020"
                  >
                    12
                  </td>
                  <td
                    class="rdtDay"
                    data-month="1"
                    data-value="13"
                    data-year="2020"
                  >
                    13
                  </td>
                  <td
                    class="rdtDay"
                    data-month="1"
                    data-value="14"
                    data-year="2020"
                  >
                    14
                  </td>
                  <td
                    class="rdtDay"
                    data-month="1"
                    data-value="15"
                    data-year="2020"
                  >
                    15
                  </td>
                  <td
                    class="rdtDay"
                    data-month="1"
                    data-value="16"
                    data-year="2020"
                  >
                    16
                  </td>
                </tr>
                <tr>
                  <td
                    class="rdtDay"
                    data-month="1"
                    data-value="17"
                    data-year="2020"
                  >
                    17
                  </td>
                  <td
                    class="rdtDay"
                    data-month="1"
                    data-value="18"
                    data-year="2020"
                  >
                    18
                  </td>
                  <td
                    class="rdtDay"
                    data-month="1"
                    data-value="19"
                    data-year="2020"
                  >
                    19
                  </td>
                  <td
                    class="rdtDay"
                    data-month="1"
                    data-value="20"
                    data-year="2020"
                  >
                    20
                  </td>
                  <td
                    class="rdtDay"
                    data-month="1"
                    data-value="21"
                    data-year="2020"
                  >
                    21
                  </td>
                  <td
                    class="rdtDay"
                    data-month="1"
                    data-value="22"
                    data-year="2020"
                  >
                    22
                  </td>
                  <td
                    class="rdtDay"
                    data-month="1"
                    data-value="23"
                    data-year="2020"
                  >
                    23
                  </td>
                </tr>
                <tr>
                  <td
                    class="rdtDay"
                    data-month="1"
                    data-value="24"
                    data-year="2020"
                  >
                    24
                  </td>
                  <td
                    class="rdtDay"
                    data-month="1"
                    data-value="25"
                    data-year="2020"
                  >
                    25
                  </td>
                  <td
                    class="rdtDay"
                    data-month="1"
                    data-value="26"
                    data-year="2020"
                  >
                    26
                  </td>
                  <td
                    class="rdtDay"
                    data-month="1"
                    data-value="27"
                    data-year="2020"
                  >
                    27
                  </td>
                  <td
                    class="rdtDay"
                    data-month="1"
                    data-value="28"
                    data-year="2020"
                  >
                    28
                  </td>
                  <td
                    class="rdtDay"
                    data-month="1"
                    data-value="29"
                    data-year="2020"
                  >
                    29
                  </td>
                  <td
                    class="rdtDay rdtNew"
                    data-month="2"
                    data-value="1"
                    data-year="2020"
                  >
                    1
                  </td>
                </tr>
                <tr>
                  <td
                    class="rdtDay rdtNew"
                    data-month="2"
                    data-value="2"
                    data-year="2020"
                  >
                    2
                  </td>
                  <td
                    class="rdtDay rdtNew"
                    data-month="2"
                    data-value="3"
                    data-year="2020"
                  >
                    3
                  </td>
                  <td
                    class="rdtDay rdtNew"
                    data-month="2"
                    data-value="4"
                    data-year="2020"
                  >
                    4
                  </td>
                  <td
                    class="rdtDay rdtNew"
                    data-month="2"
                    data-value="5"
                    data-year="2020"
                  >
                    5
                  </td>
                  <td
                    class="rdtDay rdtNew"
                    data-month="2"
                    data-value="6"
                    data-year="2020"
                  >
                    6
                  </td>
                  <td
                    class="rdtDay rdtNew"
                    data-month="2"
                    data-value="7"
                    data-year="2020"
                  >
                    7
                  </td>
                  <td
                    class="rdtDay rdtNew"
                    data-month="2"
                    data-value="8"
                    data-year="2020"
                  >
                    8
                  </td>
                </tr>
              </tbody>
              <tfoot>
                <tr>
                  <td
                    class="rdtTimeToggle"
                    colspan="7"
                  >
                    07:21
                  </td>
                </tr>
              </tfoot>
            </table>
          </div>
        </div>
      </div>
    </div>
    <div>
      <label
        class="form-check-label"
        for="test_timespan_editor_to"
      >
        To
      </label>
      <div
        class="rdt"
      >
        <input
          class="form-control"
          id="test_timespan_editor_to"
          type="text"
          value="30.06.2021 03:00"
        />
        <div
          class="rdtPicker"
        >
          <div
            class="rdtDays"
          >
            <table>
              <thead>
                <tr>
                  <th
                    class="rdtPrev"
                  >
                    <span>
                      ‹
                    </span>
                  </th>
                  <th
                    class="rdtSwitch"
                    colspan="5"
                    data-value="5"
                  >
                    Juni 2021
                  </th>
                  <th
                    class="rdtNext"
                  >
                    <span>
                      ›
                    </span>
                  </th>
                </tr>
                <tr>
                  <th
                    class="dow"
                  >
                    Mo
                  </th>
                  <th
                    class="dow"
                  >
                    Di
                  </th>
                  <th
                    class="dow"
                  >
                    Mi
                  </th>
                  <th
                    class="dow"
                  >
                    Do
                  </th>
                  <th
                    class="dow"
                  >
                    Fr
                  </th>
                  <th
                    class="dow"
                  >
                    Sa
                  </th>
                  <th
                    class="dow"
                  >
                    So
                  </th>
                </tr>
              </thead>
              <tbody>
                <tr>
                  <td
                    class="rdtDay rdtOld"
                    data-month="4"
                    data-value="31"
                    data-year="2021"
                  >
                    31
                  </td>
                  <td
                    class="rdtDay"
                    data-month="5"
                    data-value="1"
                    data-year="2021"
                  >
                    1
                  </td>
                  <td
                    class="rdtDay"
                    data-month="5"
                    data-value="2"
                    data-year="2021"
                  >
                    2
                  </td>
                  <td
                    class="rdtDay"
                    data-month="5"
                    data-value="3"
                    data-year="2021"
                  >
                    3
                  </td>
                  <td
                    class="rdtDay"
                    data-month="5"
                    data-value="4"
                    data-year="2021"
                  >
                    4
                  </td>
                  <td
                    class="rdtDay"
                    data-month="5"
                    data-value="5"
                    data-year="2021"
                  >
                    5
                  </td>
                  <td
                    class="rdtDay"
                    data-month="5"
                    data-value="6"
                    data-year="2021"
                  >
                    6
                  </td>
                </tr>
                <tr>
                  <td
                    class="rdtDay"
                    data-month="5"
                    data-value="7"
                    data-year="2021"
                  >
                    7
                  </td>
                  <td
                    class="rdtDay"
                    data-month="5"
                    data-value="8"
                    data-year="2021"
                  >
                    8
                  </td>
                  <td
                    class="rdtDay"
                    data-month="5"
                    data-value="9"
                    data-year="2021"
                  >
                    9
                  </td>
                  <td
                    class="rdtDay"
                    data-month="5"
                    data-value="10"
                    data-year="2021"
                  >
                    10
                  </td>
                  <td
                    class="rdtDay"
                    data-month="5"
                    data-value="11"
                    data-year="2021"
                  >
                    11
                  </td>
                  <td
                    class="rdtDay"
                    data-month="5"
                    data-value="12"
                    data-year="2021"
                  >
                    12
                  </td>
                  <td
                    class="rdtDay"
                    data-month="5"
                    data-value="13"
                    data-year="2021"
                  >
                    13
                  </td>
                </tr>
                <tr>
                  <td
                    class="rdtDay"
                    data-month="5"
                    data-value="14"
                    data-year="2021"
                  >
                    14
                  </td>
                  <td
                    class="rdtDay"
                    data-month="5"
                    data-value="15"
                    data-year="2021"
                  >
                    15
                  </td>
                  <td
                    class="rdtDay"
                    data-month="5"
                    data-value="16"
                    data-year="2021"
                  >
                    16
                  </td>
                  <td
                    class="rdtDay"
                    data-month="5"
                    data-value="17"
                    data-year="2021"
                  >
                    17
                  </td>
                  <td
                    class="rdtDay"
                    data-month="5"
                    data-value="18"
                    data-year="2021"
                  >
                    18
                  </td>
                  <td
                    class="rdtDay"
                    data-month="5"
                    data-value="19"
                    data-year="2021"
                  >
                    19
                  </td>
                  <td
                    class="rdtDay"
                    data-month="5"
                    data-value="20"
                    data-year="2021"
                  >
                    20
                  </td>
                </tr>
                <tr>
                  <td
                    class="rdtDay"
                    data-month="5"
                    data-value="21"
                    data-year="2021"
                  >
                    21
                  </td>
                  <td
                    class="rdtDay"
                    data-month="5"
                    data-value="22"
                    data-year="2021"
                  >
                    22
                  </td>
                  <td
                    class="rdtDay"
                    data-month="5"
                    data-value="23"
                    data-year="2021"
                  >
                    23
                  </td>
                  <td
                    class="rdtDay"
                    data-month="5"
                    data-value="24"
                    data-year="2021"
                  >
                    24
                  </td>
                  <td
                    class="rdtDay"
                    data-month="5"
                    data-value="25"
                    data-year="2021"
                  >
                    25
                  </td>
                  <td
                    class="rdtDay"
                    data-month="5"
                    data-value="26"
                    data-year="2021"
                  >
                    26
                  </td>
                  <td
                    class="rdtDay"
                    data-month="5"
                    data-value="27"
                    data-year="2021"
                  >
                    27
                  </td>
                </tr>
                <tr>
                  <td
                    class="rdtDay"
                    data-month="5"
                    data-value="28"
                    data-year="2021"
                  >
                    28
                  </td>
                  <td
                    class="rdtDay"
                    data-month="5"
                    data-value="29"
                    data-year="2021"
                  >
                    29
                  </td>
                  <td
                    class="rdtDay rdtActive rdtToday"
                    data-month="5"
                    data-value="30"
                    data-year="2021"
                  >
                    30
                  </td>
                  <td
                    class="rdtDay rdtNew"
                    data-month="6"
                    data-value="1"
                    data-year="2021"
                  >
                    1
                  </td>
                  <td
                    class="rdtDay rdtNew"
                    data-month="6"
                    data-value="2"
                    data-year="2021"
                  >
                    2
                  </td>
                  <td
                    class="rdtDay rdtNew"
                    data-month="6"
                    data-value="3"
                    data-year="2021"
                  >
                    3
                  </td>
                  <td
                    class="rdtDay rdtNew"
                    data-month="6"
                    data-value="4"
                    data-year="2021"
                  >
                    4
                  </td>
                </tr>
                <tr>
                  <td
                    class="rdtDay rdtNew"
                    data-month="6"
                    data-value="5"
                    data-year="2021"
                  >
                    5
                  </td>
                  <td
                    class="rdtDay rdtNew"
                    data-month="6"
                    data-value="6"
                    data-year="2021"
                  >
                    6
                  </td>
                  <td
                    class="rdtDay rdtNew"
                    data-month="6"
                    data-value="7"
                    data-year="2021"
                  >
                    7
                  </td>
                  <td
                    class="rdtDay rdtNew"
                    data-month="6"
                    data-value="8"
                    data-year="2021"
                  >
                    8
                  </td>
                  <td
                    class="rdtDay rdtNew"
                    data-month="6"
                    data-value="9"
                    data-year="2021"
                  >
                    9
                  </td>
                  <td
                    class="rdtDay rdtNew"
                    data-month="6"
                    data-value="10"
                    data-year="2021"
                  >
                    10
                  </td>
                  <td
                    class="rdtDay rdtNew"
                    data-month="6"
                    data-value="11"
                    data-year="2021"
                  >
                    11
                  </td>
                </tr>
              </tbody>
              <tfoot>
                <tr>
                  <td
                    class="rdtTimeToggle"
                    colspan="7"
                  >
                    03:00
                  </td>
                </tr>
              </tfoot>
            </table>
          </div>
        </div>
      </div>
    </div>
  </div>
</div>
`;

exports[`Timespan Editor 2`] = `
<div>
  <div
    class="mb-3"
  >
    <div
      class="mb-1"
    >
      <label
        class="form-label"
        for="test_timespan_editor_from"
      >
        From
      </label>
      <div
        class="rdt"
      >
        <input
          class="form-control"
          id="test_timespan_editor_from"
          type="text"
          value="11.02.2020 07:21"
        />
        <div
          class="rdtPicker"
        >
          <div
            class="rdtDays"
          >
            <table>
              <thead>
                <tr>
                  <th
                    class="rdtPrev"
                  >
                    <span>
                      ‹
                    </span>
                  </th>
                  <th
                    class="rdtSwitch"
                    colspan="5"
                    data-value="1"
                  >
                    Februar 2020
                  </th>
                  <th
                    class="rdtNext"
                  >
                    <span>
                      ›
                    </span>
                  </th>
                </tr>
                <tr>
                  <th
                    class="dow"
                  >
                    Mo
                  </th>
                  <th
                    class="dow"
                  >
                    Di
                  </th>
                  <th
                    class="dow"
                  >
                    Mi
                  </th>
                  <th
                    class="dow"
                  >
                    Do
                  </th>
                  <th
                    class="dow"
                  >
                    Fr
                  </th>
                  <th
                    class="dow"
                  >
                    Sa
                  </th>
                  <th
                    class="dow"
                  >
                    So
                  </th>
                </tr>
              </thead>
              <tbody>
                <tr>
                  <td
                    class="rdtDay rdtOld"
                    data-month="0"
                    data-value="27"
                    data-year="2020"
                  >
                    27
                  </td>
                  <td
                    class="rdtDay rdtOld"
                    data-month="0"
                    data-value="28"
                    data-year="2020"
                  >
                    28
                  </td>
                  <td
                    class="rdtDay rdtOld"
                    data-month="0"
                    data-value="29"
                    data-year="2020"
                  >
                    29
                  </td>
                  <td
                    class="rdtDay rdtOld"
                    data-month="0"
                    data-value="30"
                    data-year="2020"
                  >
                    30
                  </td>
                  <td
                    class="rdtDay rdtOld"
                    data-month="0"
                    data-value="31"
                    data-year="2020"
                  >
                    31
                  </td>
                  <td
                    class="rdtDay"
                    data-month="1"
                    data-value="1"
                    data-year="2020"
                  >
                    1
                  </td>
                  <td
                    class="rdtDay"
                    data-month="1"
                    data-value="2"
                    data-year="2020"
                  >
                    2
                  </td>
                </tr>
                <tr>
                  <td
                    class="rdtDay"
                    data-month="1"
                    data-value="3"
                    data-year="2020"
                  >
                    3
                  </td>
                  <td
                    class="rdtDay"
                    data-month="1"
                    data-value="4"
                    data-year="2020"
                  >
                    4
                  </td>
                  <td
                    class="rdtDay"
                    data-month="1"
                    data-value="5"
                    data-year="2020"
                  >
                    5
                  </td>
                  <td
                    class="rdtDay"
                    data-month="1"
                    data-value="6"
                    data-year="2020"
                  >
                    6
                  </td>
                  <td
                    class="rdtDay"
                    data-month="1"
                    data-value="7"
                    data-year="2020"
                  >
                    7
                  </td>
                  <td
                    class="rdtDay"
                    data-month="1"
                    data-value="8"
                    data-year="2020"
                  >
                    8
                  </td>
                  <td
                    class="rdtDay"
                    data-month="1"
                    data-value="9"
                    data-year="2020"
                  >
                    9
                  </td>
                </tr>
                <tr>
                  <td
                    class="rdtDay"
                    data-month="1"
                    data-value="10"
                    data-year="2020"
                  >
                    10
                  </td>
                  <td
                    class="rdtDay rdtActive"
                    data-month="1"
                    data-value="11"
                    data-year="2020"
                  >
                    11
                  </td>
                  <td
                    class="rdtDay"
                    data-month="1"
                    data-value="12"
                    data-year="2020"
                  >
                    12
                  </td>
                  <td
                    class="rdtDay"
                    data-month="1"
                    data-value="13"
                    data-year="2020"
                  >
                    13
                  </td>
                  <td
                    class="rdtDay"
                    data-month="1"
                    data-value="14"
                    data-year="2020"
                  >
                    14
                  </td>
                  <td
                    class="rdtDay"
                    data-month="1"
                    data-value="15"
                    data-year="2020"
                  >
                    15
                  </td>
                  <td
                    class="rdtDay"
                    data-month="1"
                    data-value="16"
                    data-year="2020"
                  >
                    16
                  </td>
                </tr>
                <tr>
                  <td
                    class="rdtDay"
                    data-month="1"
                    data-value="17"
                    data-year="2020"
                  >
                    17
                  </td>
                  <td
                    class="rdtDay"
                    data-month="1"
                    data-value="18"
                    data-year="2020"
                  >
                    18
                  </td>
                  <td
                    class="rdtDay"
                    data-month="1"
                    data-value="19"
                    data-year="2020"
                  >
                    19
                  </td>
                  <td
                    class="rdtDay"
                    data-month="1"
                    data-value="20"
                    data-year="2020"
                  >
                    20
                  </td>
                  <td
                    class="rdtDay"
                    data-month="1"
                    data-value="21"
                    data-year="2020"
                  >
                    21
                  </td>
                  <td
                    class="rdtDay"
                    data-month="1"
                    data-value="22"
                    data-year="2020"
                  >
                    22
                  </td>
                  <td
                    class="rdtDay"
                    data-month="1"
                    data-value="23"
                    data-year="2020"
                  >
                    23
                  </td>
                </tr>
                <tr>
                  <td
                    class="rdtDay"
                    data-month="1"
                    data-value="24"
                    data-year="2020"
                  >
                    24
                  </td>
                  <td
                    class="rdtDay"
                    data-month="1"
                    data-value="25"
                    data-year="2020"
                  >
                    25
                  </td>
                  <td
                    class="rdtDay"
                    data-month="1"
                    data-value="26"
                    data-year="2020"
                  >
                    26
                  </td>
                  <td
                    class="rdtDay"
                    data-month="1"
                    data-value="27"
                    data-year="2020"
                  >
                    27
                  </td>
                  <td
                    class="rdtDay"
                    data-month="1"
                    data-value="28"
                    data-year="2020"
                  >
                    28
                  </td>
                  <td
                    class="rdtDay"
                    data-month="1"
                    data-value="29"
                    data-year="2020"
                  >
                    29
                  </td>
                  <td
                    class="rdtDay rdtNew"
                    data-month="2"
                    data-value="1"
                    data-year="2020"
                  >
                    1
                  </td>
                </tr>
                <tr>
                  <td
                    class="rdtDay rdtNew"
                    data-month="2"
                    data-value="2"
                    data-year="2020"
                  >
                    2
                  </td>
                  <td
                    class="rdtDay rdtNew"
                    data-month="2"
                    data-value="3"
                    data-year="2020"
                  >
                    3
                  </td>
                  <td
                    class="rdtDay rdtNew"
                    data-month="2"
                    data-value="4"
                    data-year="2020"
                  >
                    4
                  </td>
                  <td
                    class="rdtDay rdtNew"
                    data-month="2"
                    data-value="5"
                    data-year="2020"
                  >
                    5
                  </td>
                  <td
                    class="rdtDay rdtNew"
                    data-month="2"
                    data-value="6"
                    data-year="2020"
                  >
                    6
                  </td>
                  <td
                    class="rdtDay rdtNew"
                    data-month="2"
                    data-value="7"
                    data-year="2020"
                  >
                    7
                  </td>
                  <td
                    class="rdtDay rdtNew"
                    data-month="2"
                    data-value="8"
                    data-year="2020"
                  >
                    8
                  </td>
                </tr>
              </tbody>
              <tfoot>
                <tr>
                  <td
                    class="rdtTimeToggle"
                    colspan="7"
                  >
                    07:21
                  </td>
                </tr>
              </tfoot>
            </table>
          </div>
        </div>
      </div>
    </div>
    <div>
      <label
        class="form-check-label"
        for="test_timespan_editor_to"
      >
        To
      </label>
      <div
        class="rdt"
      >
        <input
          class="form-control"
          id="test_timespan_editor_to"
          type="text"
          value="30.06.2021 03:00"
        />
        <div
          class="rdtPicker"
        >
          <div
            class="rdtDays"
          >
            <table>
              <thead>
                <tr>
                  <th
                    class="rdtPrev"
                  >
                    <span>
                      ‹
                    </span>
                  </th>
                  <th
                    class="rdtSwitch"
                    colspan="5"
                    data-value="5"
                  >
                    Juni 2021
                  </th>
                  <th
                    class="rdtNext"
                  >
                    <span>
                      ›
                    </span>
                  </th>
                </tr>
                <tr>
                  <th
                    class="dow"
                  >
                    Mo
                  </th>
                  <th
                    class="dow"
                  >
                    Di
                  </th>
                  <th
                    class="dow"
                  >
                    Mi
                  </th>
                  <th
                    class="dow"
                  >
                    Do
                  </th>
                  <th
                    class="dow"
                  >
                    Fr
                  </th>
                  <th
                    class="dow"
                  >
                    Sa
                  </th>
                  <th
                    class="dow"
                  >
                    So
                  </th>
                </tr>
              </thead>
              <tbody>
                <tr>
                  <td
                    class="rdtDay rdtOld"
                    data-month="4"
                    data-value="31"
                    data-year="2021"
                  >
                    31
                  </td>
                  <td
                    class="rdtDay"
                    data-month="5"
                    data-value="1"
                    data-year="2021"
                  >
                    1
                  </td>
                  <td
                    class="rdtDay"
                    data-month="5"
                    data-value="2"
                    data-year="2021"
                  >
                    2
                  </td>
                  <td
                    class="rdtDay"
                    data-month="5"
                    data-value="3"
                    data-year="2021"
                  >
                    3
                  </td>
                  <td
                    class="rdtDay"
                    data-month="5"
                    data-value="4"
                    data-year="2021"
                  >
                    4
                  </td>
                  <td
                    class="rdtDay"
                    data-month="5"
                    data-value="5"
                    data-year="2021"
                  >
                    5
                  </td>
                  <td
                    class="rdtDay"
                    data-month="5"
                    data-value="6"
                    data-year="2021"
                  >
                    6
                  </td>
                </tr>
                <tr>
                  <td
                    class="rdtDay"
                    data-month="5"
                    data-value="7"
                    data-year="2021"
                  >
                    7
                  </td>
                  <td
                    class="rdtDay"
                    data-month="5"
                    data-value="8"
                    data-year="2021"
                  >
                    8
                  </td>
                  <td
                    class="rdtDay"
                    data-month="5"
                    data-value="9"
                    data-year="2021"
                  >
                    9
                  </td>
                  <td
                    class="rdtDay"
                    data-month="5"
                    data-value="10"
                    data-year="2021"
                  >
                    10
                  </td>
                  <td
                    class="rdtDay"
                    data-month="5"
                    data-value="11"
                    data-year="2021"
                  >
                    11
                  </td>
                  <td
                    class="rdtDay"
                    data-month="5"
                    data-value="12"
                    data-year="2021"
                  >
                    12
                  </td>
                  <td
                    class="rdtDay"
                    data-month="5"
                    data-value="13"
                    data-year="2021"
                  >
                    13
                  </td>
                </tr>
                <tr>
                  <td
                    class="rdtDay"
                    data-month="5"
                    data-value="14"
                    data-year="2021"
                  >
                    14
                  </td>
                  <td
                    class="rdtDay"
                    data-month="5"
                    data-value="15"
                    data-year="2021"
                  >
                    15
                  </td>
                  <td
                    class="rdtDay"
                    data-month="5"
                    data-value="16"
                    data-year="2021"
                  >
                    16
                  </td>
                  <td
                    class="rdtDay"
                    data-month="5"
                    data-value="17"
                    data-year="2021"
                  >
                    17
                  </td>
                  <td
                    class="rdtDay"
                    data-month="5"
                    data-value="18"
                    data-year="2021"
                  >
                    18
                  </td>
                  <td
                    class="rdtDay"
                    data-month="5"
                    data-value="19"
                    data-year="2021"
                  >
                    19
                  </td>
                  <td
                    class="rdtDay"
                    data-month="5"
                    data-value="20"
                    data-year="2021"
                  >
                    20
                  </td>
                </tr>
                <tr>
                  <td
                    class="rdtDay"
                    data-month="5"
                    data-value="21"
                    data-year="2021"
                  >
                    21
                  </td>
                  <td
                    class="rdtDay"
                    data-month="5"
                    data-value="22"
                    data-year="2021"
                  >
                    22
                  </td>
                  <td
                    class="rdtDay"
                    data-month="5"
                    data-value="23"
                    data-year="2021"
                  >
                    23
                  </td>
                  <td
                    class="rdtDay"
                    data-month="5"
                    data-value="24"
                    data-year="2021"
                  >
                    24
                  </td>
                  <td
                    class="rdtDay"
                    data-month="5"
                    data-value="25"
                    data-year="2021"
                  >
                    25
                  </td>
                  <td
                    class="rdtDay"
                    data-month="5"
                    data-value="26"
                    data-year="2021"
                  >
                    26
                  </td>
                  <td
                    class="rdtDay"
                    data-month="5"
                    data-value="27"
                    data-year="2021"
                  >
                    27
                  </td>
                </tr>
                <tr>
                  <td
                    class="rdtDay"
                    data-month="5"
                    data-value="28"
                    data-year="2021"
                  >
                    28
                  </td>
                  <td
                    class="rdtDay"
                    data-month="5"
                    data-value="29"
                    data-year="2021"
                  >
                    29
                  </td>
                  <td
                    class="rdtDay rdtActive rdtToday"
                    data-month="5"
                    data-value="30"
                    data-year="2021"
                  >
                    30
                  </td>
                  <td
                    class="rdtDay rdtNew"
                    data-month="6"
                    data-value="1"
                    data-year="2021"
                  >
                    1
                  </td>
                  <td
                    class="rdtDay rdtNew"
                    data-month="6"
                    data-value="2"
                    data-year="2021"
                  >
                    2
                  </td>
                  <td
                    class="rdtDay rdtNew"
                    data-month="6"
                    data-value="3"
                    data-year="2021"
                  >
                    3
                  </td>
                  <td
                    class="rdtDay rdtNew"
                    data-month="6"
                    data-value="4"
                    data-year="2021"
                  >
                    4
                  </td>
                </tr>
                <tr>
                  <td
                    class="rdtDay rdtNew"
                    data-month="6"
                    data-value="5"
                    data-year="2021"
                  >
                    5
                  </td>
                  <td
                    class="rdtDay rdtNew"
                    data-month="6"
                    data-value="6"
                    data-year="2021"
                  >
                    6
                  </td>
                  <td
                    class="rdtDay rdtNew"
                    data-month="6"
                    data-value="7"
                    data-year="2021"
                  >
                    7
                  </td>
                  <td
                    class="rdtDay rdtNew"
                    data-month="6"
                    data-value="8"
                    data-year="2021"
                  >
                    8
                  </td>
                  <td
                    class="rdtDay rdtNew"
                    data-month="6"
                    data-value="9"
                    data-year="2021"
                  >
                    9
                  </td>
                  <td
                    class="rdtDay rdtNew"
                    data-month="6"
                    data-value="10"
                    data-year="2021"
                  >
                    10
                  </td>
                  <td
                    class="rdtDay rdtNew"
                    data-month="6"
                    data-value="11"
                    data-year="2021"
                  >
                    11
                  </td>
                </tr>
              </tbody>
              <tfoot>
                <tr>
                  <td
                    class="rdtTimeToggle"
                    colspan="7"
                  >
                    03:00
                  </td>
                </tr>
              </tfoot>
            </table>
          </div>
        </div>
      </div>
    </div>
  </div>
</div>
`;
